Analyzed 25637 total words
Counted 3740 unique words
AND              - 716
THE              - 681
I                - 580
TO               - 522
A                - 466
OF               - 392
MY               - 358
IS               - 345
THAT             - 344
IN               - 322
ROMEO            - 292
YOU              - 291
THOU             - 276
ME               - 263
NOT              - 258
WITH             - 251
IT               - 226
FOR              - 223
THIS             - 216
BE               - 208
BUT              - 181
JULIET           - 175
THY              - 167
WHAT             - 164
AS               - 156
O                - 156
HER              - 152
WILL             - 147
SO               - 145
NURSE            - 143
THEE             - 139
LOVE             - 135
CAPULET          - 133
HIS              - 133
HAVE             - 127
HE               - 123
BY               - 115
SHE              - 114
SHALL            - 110
LADY             - 105
YOUR             - 103
NO               - 101
COME             -  97
FRIAR            -  97
HIM              -  96
ALL              -  95
DO               -  89
FROM             -  86
ILL              -  84
THEN             -  84
MERCUTIO         -  83
GOOD             -  82
IF               -  82
NOW              -  82
BENVOLIO         -  80
AN               -  78
HERE             -  78
ON               -  77
GO               -  76
ENTER            -  74
LAURENCE         -  72
AT               -  69
DEATH            -  69
ARE              -  68
NIGHT            -  68
WELL             -  68
MORE             -  67
OR               -  67
TYBALT           -  67
WE               -  66
MAN              -  64
THERE            -  64
HATH             -  63
OUR              -  60
WHICH            -  60
AM               -  59
ONE              -  59
PARIS            -  59
HOW              -  57
SIR              -  57
THEY             -  57
TOO              -  57
SOME             -  56
UP               -  56
WOULD            -  56
ART              -  54
OUT              -  53
WHEN             -  53
SAY              -  52
WHERE            -  51
SHOULD           -  49
WAS              -  49
DEAD             -  47
DOTH             -  47
GIVE             -  47
MAY              -  47
THAN             -  47
THEIR            -  47
YET              -  47
SUCH             -  46
LET              -  45
TELL             -  45
FAIR             -  43
THEM             -  43
THESE            -  43
UPON             -  43
DAY              -  42
MONTAGUE         -  41
TAKE             -  41
CAN              -  40
DID              -  40
LIKE             -  40
MAKE             -  40
MUST             -  40
TIS              -  40
MUCH             -  37
WERE             -  37
WHY              -  37
SEE              -  36
KNOW             -  35
WHO              -  35
TIME             -  34
FIRST            -  33
GONE             -  33
PRINCE           -  33
SWEET            -  33
AY               -  32
EXIT             -  31
LOOK             -  31
EXEUNT           -  30
LORD             -  30
US               -  30
WILT             -  30
BACK             -  28
EYES             -  28
HAST             -  28
HEAVEN           -  28
LIGHT            -  28
MINE             -  28
SPEAK            -  28
STAY             -  28
TRUE             -  28
WORD             -  28
AGAIN            -  27
COMES            -  27
GOD              -  27
HOUSE            -  27
OLD              -  27
SERVANT          -  27
DEAR             -  26
HEART            -  26
HENCE            -  26
PETER            -  26
SCENE            -  26
STAND            -  26
BEING            -  25
HAND             -  25
VERY             -  25
FIND             -  24
NAME             -  24
AWAY             -  23
BOTH             -  23
CALL             -  23
DIE              -  23
MADAM            -  23
MARRY            -  23
PART             -  23
THEREFORE        -  23
YOUNG            -  23
BED              -  22
FACE             -  22
FATHER           -  22
HEAR             -  22
LIE              -  22
TILL             -  22
TWO              -  22
ANY              -  21
CANNOT           -  21
FAREWELL         -  21
HOLY             -  21
LIFE             -  21
SAMPSON          -  21
THINK            -  21
WITHIN           -  21
BEEN             -  20
BEFORE           -  20
DOWN             -  20
ERE              -  20
HAD              -  20
MADE             -  20
MEN              -  20
NAY              -  20
NOR              -  20
TEARS            -  20
EARTH            -  19
GREGORY          -  19
LIES             -  19
LIVE             -  19
MARRIED          -  19
PEACE            -  19
WIFE             -  19
AH               -  18
BALTHASAR        -  18
BID              -  18
EYE              -  18
FAITH            -  18
HELP             -  18
NEVER            -  18
POOR             -  18
PUT              -  18
SECOND           -  18
BLOOD            -  17
CAPULETS         -  17
CELL             -  17
COULD            -  17
GRAVE            -  17
HOUR             -  17
LIPS             -  17
OTHER            -  17
PRAY             -  17
SLAIN            -  17
THING            -  17
VILLAIN          -  17
ALONE            -  16
COUNTY           -  16
COUSIN           -  16
DOST             -  16
EARLY            -  16
HOLD             -  16
KEEP             -  16
LONG             -  16
MOST             -  16
OWN              -  16
ROMEOS           -  16
SON              -  16
THOSE            -  16
BANISHED         -  15
CHILD            -  15
FEAR             -  15
MOTHER           -  15
NEWS             -  15
NONE             -  15
REST             -  15
SAID             -  15
SUN              -  15
TOMORROW         -  15
TONIGHT          -  15
WHOSE            -  15
WORLD            -  15
ABOVE            -  14
BREATH           -  14
FALL             -  14
GENTLEMAN        -  14
HASTE            -  14
HEAD             -  14
JOY              -  14
LIVES            -  14
LOVES            -  14
MUSICIAN         -  14
MYSELF           -  14
NOTHING          -  14
POISON           -  14
SAME             -  14
SOUL             -  14
STILL            -  14
THURSDAY         -  14
USE              -  14
WOE              -  14
CAME             -  13
DAUGHTER         -  13
ELSE             -  13
FRIEND           -  13
GET              -  13
GRIEF            -  13
HANDS            -  13
HATE             -  13
HO               -  13
LEAVE            -  13
MANTUA           -  13
MANY             -  13
RUN              -  13
SEND             -  13
SOON             -  13
SOUND            -  13
THINE            -  13
WATCH            -  13
WITHOUT          -  13
BEAR             -  12
BEST             -  12
BETTER           -  12
DAYS             -  12
EVEN             -  12
EVER             -  12
EVERY            -  12
FORTH            -  12
GENTLE           -  12
HAPPY            -  12
HITHER           -  12
HUSBAND          -  12
LETTER           -  12
LITTLE           -  12
MAKES            -  12
NEW              -  12
PLACE            -  12
SHAME            -  12
SIN              -  12
SLEEP            -  12
TALK             -  12
TURN             -  12
WIT              -  12
YEARS            -  12
ABOUT            -  11
ALACK            -  11
BEAUTY           -  11
BRING            -  11
DRAW             -  11
HES              -  11
KINSMAN          -  11
LATE             -  11
LAW              -  11
LAY              -  11
OER              -  11
PAGE             -  11
PALE             -  11
QUARREL          -  11
SHALT            -  11
SHOW             -  11
SINCE            -  11
THOUGH           -  11
TOMB             -  11
TYBALTS          -  11
WARRANT          -  11
YE               -  11
AGAINST          -  10
ANOTHER          -  10
ANSWER           -  10
BECAUSE          -  10
BLACK            -  10
BOY              -  10
CALLS            -  10
CHAMBER          -  10
COMFORT          -  10
DESPERATE        -  10
DONE             -  10
DREAM            -  10
EARS             -  10
FLOWER           -  10
FULL             -  10
GENTLEMEN        -  10
HEARTS           -  10
HEAVY            -  10
KILL             -  10
KISS             -  10
MAD              -  10
MARRIAGE         -  10
MASTER           -  10
MISTRESS         -  10
NEED             -  10
NEER             -  10
OFF              -  10
ONCE             -  10
PARDON           -  10
RICH             -  10
SAW              -  10
SAYS             -  10
SET              -  10
SHES             -  10
STRAIGHT         -  10
TONGUE           -  10
TWENTY           -  10
VERONA           -  10
WALL             -  10
ANCIENT          -   9
ASIDE            -   9
BODY             -   9
CASE             -   9
CHURCH           -   9
EITHER           -   9
END              -   9
FOOT             -   9
FORGET           -   9
GREAT            -   9
GROUND           -   9
HERES            -   9
HIMSELF          -   9
INDEED           -   9
INTO             -   9
JOHN             -   9
MAID             -   9
MEAN             -   9
MOVE             -   9
MUSIC            -   9
ONLY             -   9
OTHERS           -   9
ROSALINE         -   9
SAINT            -   9
SIGHT            -   9
SILVER           -   9
SWEAR            -   9
THUS             -   9
UNTO             -   9
VAULT            -   9
WAY              -   9
WEEP             -   9
WHATS            -   9
ALAS             -   8
APOTHECARY       -   8
BITE             -   8
BONES            -   8
BOUND            -   8
CHURCHYARD       -   8
CLOUDS           -   8
COUNSEL          -   8
HAVING           -   8
HIDE             -   8
HIE              -   8
HIGH             -   8
HOURS            -   8
LADYS            -   8
LAST             -   8
LOVERS           -   8
MEANS            -   8
MEET             -   8
MENS             -   8
MERRY            -   8
MIND             -   8
MORNING          -   8
MUSICIANS        -   8
NOBLE            -   8
NOISE            -   8
PLAY             -   8
SORROW           -   8
SWORD            -   8
THATS            -   8
THINGS           -   8
THOUGHT          -   8
THROUGH          -   8
TIMES            -   8
TORCH            -   8
VILE             -   8
WATCHMAN         -   8
WELCOME          -   8
WOES             -   8
WOFUL            -   8
WORDS            -   8
ACT              -   7
AIR              -   7
ANON             -   7
ARM              -   7
BANISHMENT       -   7
BEHOLD           -   7
BESEECH          -   7
BLOODY           -   7
BOOK             -   7
BOSOM            -   7
CANST            -   7
COLD             -   7
CORSE            -   7
DAGGER           -   7
DARK             -   7
EAR              -   7
ENOUGH           -   7
FEARFUL          -   7
FEEL             -   7
FETCH            -   7
FLESH            -   7
FOLLOW           -   7
FORTUNE          -   7
HELL             -   7
HIT              -   7
HONEST           -   7
HOT              -   7
KILLD            -   7
LETS             -   7
LOOKS            -   7
MEASURE          -   7
MONTAGUES        -   7
MOVED            -   7
NEAR             -   7
NEXT             -   7
ORCHARD          -   7
PAST             -   7
PRETTY           -   7
REENTER          -   7
SEA              -   7
SHORT            -   7
SHOWS            -   7
SICK             -   7
STARS            -   7
SUDDEN           -   7
TENDER           -   7
THOUSAND         -   7
THREE            -   7
THYSELF          -   7
UNDER            -   7
WHILE            -   7
WRIT             -   7
ABRAHAM          -   6
AGE              -   6
AMONG            -   6
AWHILE           -   6
BREAST           -   6
CARE             -   6
CHEEK            -   6
CHEEKS           -   6
CLOSE            -   6
COMPANY          -   6
CORDS            -   6
DEEP             -   6
DIDST            -   6
DIES             -   6
DOOM             -   6
ENEMY            -   6
ENVIOUS          -   6
EXILE            -   6
FALLS            -   6
FAR              -   6
FEAST            -   6
FIE              -   6
FIGHT            -   6
FIRE             -   6
FLOWERS          -   6
FOOL             -   6
FOUND            -   6
FOURTEEN         -   6
GIRL             -   6
GOOSE            -   6
HA               -   6
HADST            -   6
HERSELF          -   6
HOME             -   6
HURT             -   6
II               -   6
III              -   6
ITSELF           -   6
JEST             -   6
JULIETS          -   6
KIND             -   6
LARK             -   6
LEAD             -   6
LESS             -   6
LETTERS          -   6
LOVING           -   6
MAIDS            -   6
MONUMENT         -   6
MURDER           -   6
NAMES            -   6
NIGHTS           -   6
PRINCES          -   6
PROUD            -   6
PROVE            -   6
READ             -   6
REMEMBER         -   6
SEEN             -   6
SERVE            -   6
SIRRAH           -   6
SIT              -   6
SPEAKS           -   6
SPOKE            -   6
STIR             -   6
STRANGE          -   6
STREET           -   6
STRENGTH         -   6
TALE             -   6
THANK            -   6
THUMB            -   6
UNLESS           -   6
WAST             -   6
WHERES           -   6
WHOM             -   6
WISH             -   6
YONDER           -   6
YOUTH            -   6
AFTER            -   5
ALREADY          -   5
ASK              -   5
ASLEEP           -   5
BADE             -   5
BANISHD          -   5
BLESSED          -   5
BLIND            -   5
BREAK            -   5
BRIDE            -   5
BRIEF            -   5
BRIGHT           -   5
BROTHER          -   5
CAUSE            -   5
CHANGE           -   5
CHIDE            -   5
COMMEND          -   5
CONSENT          -   5
DANCE            -   5
DARE             -   5
DAUGHTERS        -   5
DOG              -   5
DREAMS           -   5
EASE             -   5
EXCUSE           -   5
FAIN             -   5
FELLOW           -   5
FINE             -   5
FINGERS          -   5
FIVE             -   5
FOE              -   5
FORM             -   5
FRAY             -   5
FRIENDS          -   5
FURTHER          -   5
GIVES            -   5
GOLD             -   5
GRACE            -   5
HALL             -   5
HANG             -   5
HARE             -   5
HEADS            -   5
HEIR             -   5
HONOUR           -   5
HONOURABLE       -   5
HOUSES           -   5
IST              -   5
IV               -   5
JOYFUL           -   5
KNOWST           -   5
LADIES           -   5
LAID             -   5
LAMENTABLE       -   5
LAURENCES        -   5
LIVING           -   5
LONGER           -   5
MANS             -   5
MARK             -   5
MATTER           -   5
MERCUTIOS        -   5
MERCY            -   5
MIGHT            -   5
MORROW           -   5
NINE             -   5
OPEN             -   5
PATIENCE         -   5
PITEOUS          -   5
PLEASURE         -   5
POINT            -   5
POWER            -   5
PREPARE          -   5
QUICKLY          -   5
QUOTH            -   5
READY            -   5
REASON           -   5
RETURN           -   5
RIGHT            -   5
RING             -   5
ROUGH            -   5
RUDE             -   5
SAD              -   5
SATISFIED        -   5
SCORN            -   5
SHAPE            -   5
SHRIFT           -   5
SHUT             -   5
SIGHS            -   5
SLAUGHTERD       -   5
SLEW             -   5
SOFT             -   5
STATE            -   5
STOP             -   5
STRIKE           -   5
SWORDS           -   5
TEAR             -   5
THERES           -   5
TOOK             -   5
TRUST            -   5
TRUTH            -   5
UNTIMELY         -   5
V                -   5
VOICE            -   5
WAKE             -   5
WHEREFORE        -   5
WINDOW           -   5
WINGS            -   5
WISE             -   5
WISELY           -   5
WITHAL           -   5
WITS             -   5
WRITTEN          -   5
YOURSELF         -   5
ADIEU            -   4
ALONG            -   4
AMEN             -   4
ANGER            -   4
ATTEND           -   4
BEAT             -   4
BEATS            -   4
BEG              -   4
BEGIN            -   4
BELIEVE          -   4
BESHREW          -   4
BIRTH            -   4
BITTER           -   4
BOLD             -   4
BRIDEGROOM       -   4
BROAD            -   4
BROW             -   4
BURIED           -   4
CITIZENS         -   4
CIVIL            -   4
COMING           -   4
CONJURE          -   4
COUNT            -   4
COURSE           -   4
COZ              -   4
CRUEL            -   4
CRY              -   4
CUT              -   4
DAMNED           -   4
DARES            -   4
DAYLIGHT         -   4
DENY             -   4
DEPART           -   4
DEW              -   4
DOUBT            -   4
DRY              -   4
EAST             -   4
EMPTY            -   4
FATAL            -   4
FATHERS          -   4
FAULT            -   4
FLY              -   4
FORSWORN         -   4
FOUGHT           -   4
FOUL             -   4
GAVE             -   4
GENTLEWOMAN      -   4
GHOSTLY          -   4
GOING            -   4
GOLDEN           -   4
GREEN            -   4
GUESTS           -   4
HAIR             -   4
HALF             -   4
HARK             -   4
HATEFUL          -   4
HEAVENS          -   4
HERS             -   4
HOAR             -   4
HOPE             -   4
INTENTS          -   4
IRON             -   4
KEEPS            -   4
KINSMEN          -   4
KISSES           -   4
KNAVE            -   4
KNIFE            -   4
KNOCKING         -   4
KNOWN            -   4
LAMB             -   4
LEFT             -   4
LENT             -   4
LEST             -   4
LIGHTNING        -   4
LOSS             -   4
LOVER            -   4
MATCH            -   4
MET              -   4
MINUTE           -   4
MOON             -   4
NATURE           -   4
NEEDS            -   4
NIGHTLY          -   4
NOTE             -   4
OFT              -   4
PAY              -   4
QUIET            -   4
RAGE             -   4
RAISE            -   4
RAN              -   4
RATHER           -   4
REMOVE           -   4
ROOM             -   4
SADNESS          -   4
SAKE             -   4
SEARCH           -   4
SEEK             -   4
SELL             -   4
SIDE             -   4
SIGNIOR          -   4
SLAY             -   4
SLOW             -   4
SOMETHING        -   4
SOUR             -   4
SPIRIT           -   4
SPITE            -   4
STANDS           -   4
STEEL            -   4
STREETS          -   4
STREW            -   4
SUPPER           -   4
SURE             -   4
THITHER          -   4
TORTURE          -   4
TOWARDS          -   4
TOWN             -   4
TUT              -   4
UNCLE            -   4
VEINS            -   4
WALK             -   4
WARM             -   4
WEAR             -   4
WEEPING          -   4
WEEPS            -   4
WISDOM           -   4
WOMB             -   4
WOMEN            -   4
WOO              -   4
WORK             -   4
WORN             -   4
WOULDST          -   4
YEA              -   4
YOULL            -   4
YOURS            -   4
ABROAD           -   3
ADVANCED         -   3
AFFECTIONS       -   3
AFFORD           -   3
AFORE            -   3
AFTERNOON        -   3
AIRY             -   3
ALIKE            -   3
ALMOST           -   3
ALOOF            -   3
ANOTHERS         -   3
APPEAR           -   3
APPREHEND        -   3
APPROACH         -   3
APT              -   3
ARISE            -   3
BACKWARD         -   3
BAD              -   3
BARE             -   3
BARK             -   3
BAWD             -   3
BEAST            -   3
BEAUTIES         -   3
BETWEEN          -   3
BLOWS            -   3
BLUSH            -   3
BORN             -   3
BOW              -   3
BRIDAL           -   3
BROWS            -   3
BURDEN           -   3
BURN             -   3
BURY             -   3
BUSINESS         -   3
BUY              -   3
CALM             -   3
CAST             -   3
CEASE            -   3
CHANCE           -   3
CHARGE           -   3
CHOOSE           -   3
CITIZEN          -   3
CITY             -   3
CLOSED           -   3
COMPARE          -   3
CONDUCT          -   3
CONFESS          -   3
CONFESSION       -   3
CONSORT          -   3
CONTENT          -   3
CONTRARY         -   3
COURTEOUS        -   3
COURTESY         -   3
COUSINS          -   3
CRAVES           -   3
CRIES            -   3
CROW             -   3
CUP              -   3
CUPID            -   3
CURE             -   3
CURSED           -   3
CURTAINS         -   3
DATE             -   3
DEADLY           -   3
DEATHS           -   3
DELAY            -   3
DELIGHT          -   3
DEN              -   3
DESPISED         -   3
DEVIL            -   3
DEVISE           -   3
DINNER           -   3
DISCORDS         -   3
DRAWN            -   3
DRINK            -   3
DRUNK            -   3
DUG              -   3
DWELL            -   3
EER              -   3
ENCOUNTER        -   3
EXCHANGE         -   3
FAINT            -   3
FAITHFUL         -   3
FAST             -   3
FICKLE           -   3
FIEND            -   3
FLIES            -   3
FOND             -   3
FOOD             -   3
FOOLS            -   3
FORTUNES         -   3
FURY             -   3
GAZE             -   3
GIVING           -   3
GODS             -   3
GOES             -   3
GOT              -   3
GRIEFS           -   3
GROWN            -   3
HARD             -   3
HEARST           -   3
HID              -   3
HIRE             -   3
HOLLOW           -   3
HONEY            -   3
HOOD             -   3
HUMOUR           -   3
HUNDRED          -   3
IMMORTAL         -   3
INCONSTANT       -   3
JEALOUS          -   3
JESU             -   3
JOINTS           -   3
JULE             -   3
KNEES            -   3
KNEW             -   3
KNOCK            -   3
KNOWS            -   3
LAIN             -   3
LAUGH            -   3
LEARN            -   3
LENDS            -   3
LIBERTY          -   3
LICK             -   3
LIKENESS         -   3
LO               -   3
LOATHSOME        -   3
LOGS             -   3
LOST             -   3
LOVED            -   3
MAB              -   3
MAKING           -   3
MASK             -   3
MASTERS          -   3
MATTOCK          -   3
MAYST            -   3
MEANING          -   3
MEAT             -   3
METHINKS         -   3
MODESTY          -   3
MORN             -   3
MORNINGS         -   3
MOUSE            -   3
MURDERD          -   3
MURDERER         -   3
MURDERS          -   3
NEEDY            -   3
NIGHTINGALE      -   3
OCCASION         -   3
OPPRESSION       -   3
PAIN             -   3
PASS             -   3
PASSION          -   3
PATIENT          -   3
PETERS           -   3
PHILOSOPHY       -   3
PLAGUE           -   3
PLEASE           -   3
POWDER           -   3
PRAYERS          -   3
PRECIOUS         -   3
PRESENT          -   3
PRESENTLY        -   3
PROLOGUE         -   3
PRONOUNCE        -   3
PROOF            -   3
PROTEST          -   3
PUBLIC           -   3
PURE             -   3
PURPOSE          -   3
REMEDY           -   3
RETIRES          -   3
ROSEMARY         -   3
ROUSE            -   3
RULED            -   3
SAIL             -   3
SAINTS           -   3
SAVE             -   3
SAYST            -   3
SCRATCH          -   3
SECRET           -   3
SEEMING          -   3
SENSE            -   3
SERVINGMEN       -   3
SHOT             -   3
SHROUD           -   3
SIMPLE           -   3
SINGS            -   3
SLAVE            -   3
SMALL            -   3
SOLE             -   3
SOLEMNITY        -   3
SOMETIME         -   3
SOUGHT           -   3
SPEED            -   3
SPENT            -   3
STAYD            -   3
STRONG           -   3
SUBSTANCE        -   3
SUIT             -   3
SUPPOSED         -   3
SUSAN            -   3
SWEETEST         -   3
SWIFT            -   3
SWORN            -   3
TASTE            -   3
TEACH            -   3
THANKS           -   3
THIRD            -   3
THOUGHTS         -   3
THRUST           -   3
TIDINGS          -   3
TOAD             -   3
TODAY            -   3
TOIL             -   3
TOLD             -   3
TOUCH            -   3
TOWARD           -   3
TRULY            -   3
TURNS            -   3
TWAS             -   3
UNACCUSTOMD      -   3
URGED            -   3
VAIN             -   3
VIEW             -   3
VISOR            -   3
VOW              -   3
WAKES            -   3
WAKING           -   3
WALLS            -   3
WASHD            -   3
WASTE            -   3
WEAK             -   3
WED              -   3
WEDNESDAY        -   3
WENCH            -   3
WERT             -   3
WHOLE            -   3
WIDE             -   3
WILD             -   3
WIND             -   3
WITHDRAW         -   3
WOMAN            -   3
WORSE            -   3
WOUND            -   3
WRETCH           -   3
WRETCHED         -   3
YEAR             -   3
YON              -   3
YOND             -   3
YOUTHFUL         -   3
ABLE             -   2
ACCOUNT          -   2
ADVENTURE        -   2
AFFECTION        -   2
AGO              -   2
ALIVE            -   2
ALOUD            -   2
AMAZED           -   2
AMOROUS          -   2
ANTIC            -   2
APACE            -   2
AQUA             -   2
ARMD             -   2
ARMS             -   2
ARRAY            -   2
ASHES            -   2
ASKED            -   2
ATTENDANTS       -   2
AUGHT            -   2
AWAKE            -   2
BAGGAGE          -   2
BEAMS            -   2
BEARING          -   2
BEARS            -   2
BEAUTEOUS        -   2
BEAUTYS          -   2
BEGAN            -   2
BEGGARS          -   2
BEGINS           -   2
BEGUILED         -   2
BEHIND           -   2
BELONGING        -   2
BETHINK          -   2
BIER             -   2
BIG              -   2
BIGGER           -   2
BIRD             -   2
BIRDS            -   2
BITTERLY         -   2
BLADE            -   2
BLESS            -   2
BLEST            -   2
BLISS            -   2
BLOW             -   2
BLUBBERING       -   2
BODYS            -   2
BONE             -   2
BORE             -   2
BORROWD          -   2
BOTTOM           -   2
BRAGS            -   2
BRAIN            -   2
BRAINS           -   2
BRAVE            -   2
BRAWL            -   2
BRAWLS           -   2
BREATHED         -   2
BRINGS           -   2
BROKE            -   2
BROTHERS         -   2
BUD              -   2
BURNING          -   2
BURNT            -   2
C                -   2
CALLED           -   2
CAMEST           -   2
CANKERD          -   2
CAPELS           -   2
CARRY            -   2
CAT              -   2
CATS             -   2
CAVE             -   2
CHALLENGE        -   2
CHANGED          -   2
CHEER            -   2
CHEERLY          -   2
CHILDREN         -   2
CHOICE           -   2
CHOLER           -   2
CHORUS           -   2
CIRCUMSTANCE     -   2
CLIMB            -   2
CLUBS            -   2
COMMON           -   2
CONCEIT          -   2
CONDEMNED        -   2
CONFESSOR        -   2
CONFUSIONS       -   2
COOK             -   2
CORNS            -   2
COULDST          -   2
COUNSELLOR       -   2
COUNTERFEIT      -   2
COURTIERS        -   2
COVER            -   2
CROSS            -   2
CRUTCH           -   2
CRYING           -   2
CUNNING          -   2
CUPIDS           -   2
DANCING          -   2
DEAF             -   2
DEAL             -   2
DEARLY           -   2
DEBT             -   2
DECEIVED         -   2
DEFY             -   2
DELIGHTS         -   2
DEMESNES         -   2
DESCEND          -   2
DESIRE           -   2
DESPAIR          -   2
DETERMINE        -   2
DETESTABLE       -   2
DEVOTION         -   2
DIFFERENT        -   2
DIM              -   2
DISCOURSES       -   2
DISMAL           -   2
DISOBEDIENT      -   2
DISPOSITION      -   2
DISTURB          -   2
DOING            -   2
DOOMSDAY         -   2
DOOR             -   2
DOORS            -   2
DOTING           -   2
DOVE             -   2
DOVEHOUSE        -   2
DRAM             -   2
DRAWING          -   2
DRAWS            -   2
DREAMT           -   2
DREW             -   2
DRIFT            -   2
DRINKS           -   2
DRUGS            -   2
DRYBEAT          -   2
DUELLIST         -   2
DULL             -   2
DUMP             -   2
EACH             -   2
EFFECT           -   2
EGG              -   2
ELEVEN           -   2
ENDED            -   2
ENDURE           -   2
ENEMIES          -   2
ENMITY           -   2
ENTERS           -   2
ENTRANCE         -   2
ENTREAT          -   2
EVERLASTING      -   2
EVERMORE         -   2
EXAMINE          -   2
EXCELLENT        -   2
EXCELS           -   2
EYESIGHT         -   2
FA               -   2
FAIL             -   2
FAIRER           -   2
FAIRIES          -   2
FAIRLY           -   2
FALSE            -   2
FAN              -   2
FAVOUR           -   2
FEASTING         -   2
FEELING          -   2
FEESIMPLE        -   2
FELLOWS          -   2
FELT             -   2
FESTIVAL         -   2
FIELD            -   2
FIERY            -   2
FIGHTS           -   2
FINDS            -   2
FINGER           -   2
FISH             -   2
FIT              -   2
FLED             -   2
FOES             -   2
FOOLISH          -   2
FORBEAR          -   2
FORBID           -   2
FORFEIT          -   2
FORGIVE          -   2
FORGOT           -   2
FORTY            -   2
FORWARD          -   2
FOUR             -   2
FRANCIS          -   2
FREE             -   2
FRENCH           -   2
FRESH            -   2
FROWN            -   2
GALL             -   2
GALLANT          -   2
GALLOPS          -   2
GEAR             -   2
GENERAL          -   2
GLAD             -   2
GLADLY           -   2
GODDEN           -   2
GOSSIPS          -   2
GRANDSIRE        -   2
GRANT            -   2
GRAVES           -   2
GREETING         -   2
GREY             -   2
GROAN            -   2
GROANS           -   2
GROW             -   2
GROWS            -   2
GUEST            -   2
GUILTY           -   2
HANGS            -   2
HAP              -   2
HAPPILY          -   2
HAPPINESS        -   2
HEARD            -   2
HEARING          -   2
HEAVINESS        -   2
HEED             -   2
HEEL             -   2
HELD             -   2
HELPS            -   2
HENCEFORTH       -   2
HENCEFORWARD     -   2
HERBS            -   2
HEREAFTER        -   2
HIST             -   2
HOARSE           -   2
HORSES           -   2
HOUSEHOLDS       -   2
ILLBESEEMING     -   2
IMMEDIATELY      -   2
IMPORT           -   2
INFECTION        -   2
INQUIRE          -   2
INSTRUMENTS      -   2
JACK             -   2
JOINT            -   2
JOYS             -   2
JUDGMENT         -   2
JUST             -   2
KINDREDS         -   2
KING             -   2
KNIGHT           -   2
KNOCKS           -   2
LAMMASEVE        -   2
LANTERN          -   2
LAYING           -   2
LEAP             -   2
LEARND           -   2
LEAVES           -   2
LEG              -   2
LEGS             -   2
LEISURE          -   2
LIGHTS           -   2
LIKEWISE         -   2
LIMBS            -   2
LIVERY           -   2
LOATHED          -   2
LOCKS            -   2
LODGING          -   2
LOOKST           -   2
LOSE             -   2
LOVELY           -   2
LOVEST           -   2
LUSTY            -   2
MADMAN           -   2
MAIDENHEAD       -   2
MANAGE           -   2
MANGLED          -   2
MANNERS          -   2
MANSION          -   2
MAR              -   2
MASKERS          -   2
MASS             -   2
MATCHD           -   2
MEANT            -   2
MEANTIME         -   2
MEETING          -   2
MEND             -   2
MERCIFUL         -   2
MERIT            -   2
MESSENGER        -   2
MIGHTST          -   2
MINSTRELS        -   2
MISADVENTURE     -   2
MISERABLE        -   2
MISERY           -   2
MISS             -   2
MISSHAPEN        -   2
MONDAY           -   2
MONTH            -   2
MOODY            -   2
MORTAL           -   2
MORTALS          -   2
MOTHERS          -   2
MOTION           -   2
MOUTH            -   2
MUTINY           -   2
NATIVE           -   2
NATURAL          -   2
NATURES          -   2
NECK             -   2
NEITHER          -   2
NEST             -   2
NEWLY            -   2
NEWMADE          -   2
NICE             -   2
NOSE             -   2
NOUGHT           -   2
NUMBER           -   2
NURSED           -   2
OBEY             -   2
OBSEQUIES        -   2
OCLOCK           -   2
ODD              -   2
OFFER            -   2
OFFICE           -   2
OFTEN            -   2
ONT              -   2
OPE              -   2
ORDER            -   2
ORNAMENT         -   2
ORNAMENTS        -   2
OURS             -   2
OUTRAGE          -   2
OVER             -   2
PAINS            -   2
PAIR             -   2
PALACE           -   2
PALM             -   2
PALMERS          -   2
PAPER            -   2
PARADISE         -   2
PARENTS          -   2
PARTISANS        -   2
PARTS            -   2
PASSADO          -   2
PASSING          -   2
PERFORCE         -   2
PERSON           -   2
PERSONS          -   2
PIECE            -   2
PILGRIM          -   2
PILGRIMS         -   2
PILOT            -   2
PINK             -   2
PITIFUL          -   2
PITY             -   2
PLAYS            -   2
PLUCK            -   2
POSSESSD         -   2
POST             -   2
POTPAN           -   2
POVERTY          -   2
PRAYER           -   2
PRESENCE         -   2
PRESS            -   2
PRESSES          -   2
PRETTIEST        -   2
PREVENT          -   2
PRICE            -   2
PRICK            -   2
PRIDE            -   2
PRISON           -   2
PRIVATE          -   2
PROSPEROUS       -   2
PUMP             -   2
PURGED           -   2
PURSUED          -   2
QUARRELLING      -   2
QUENCH           -   2
QUESTION         -   2
QUICK            -   2
QUITE            -   2
R                -   2
RAISED           -   2
RAPIER           -   2
RATE             -   2
RE               -   2
RECKONING        -   2
REIGN            -   2
REJOICE          -   2
REMAIN           -   2
REPENT           -   2
RESPECT          -   2
REVIVED          -   2
RHYME            -   2
RIDDLING         -   2
RITE             -   2
ROARING          -   2
ROBES            -   2
ROSES            -   2
RUSHES           -   2
SALT             -   2
SAUCY            -   2
SCAPE            -   2
SCARLET          -   2
SCURVY           -   2
SEAL             -   2
SEALD            -   2
SEEING           -   2
SEEMS            -   2
SEEST            -   2
SELF             -   2
SENT             -   2
SENTENCE         -   2
SEPULCHRE        -   2
SERVANTS         -   2
SERVED           -   2
SHADOWS          -   2
SHAKE            -   2
SHAMEST          -   2
SHARE            -   2
SHARP            -   2
SHED             -   2
SHELL            -   2
SHOES            -   2
SHOP             -   2
SHOWN            -   2
SHUTS            -   2
SIEGE            -   2
SILK             -   2
SING             -   2
SINGULAR         -   2
SINK             -   2
SITS             -   2
SITTING          -   2
SKULLS           -   2
SLEEPS           -   2
SMILE            -   2
SMILES           -   2
SMOKE            -   2
SMOOTH           -   2
SOAR             -   2
SOLD             -   2
SOLDIERS         -   2
SOMETIMES        -   2
SORROWS          -   2
SOULS            -   2
SOUNDING         -   2
SOUNDLY          -   2
SPADE            -   2
SPAKE            -   2
SPIDERS          -   2
SPORT            -   2
SPREAD           -   2
SPRING           -   2
SPURS            -   2
SPY              -   2
STABS            -   2
STAIND           -   2
STARTS           -   2
STAYS            -   2
STEAL            -   2
STEP             -   2
STIFF            -   2
STINTED          -   2
STOLN            -   2
STONES           -   2
STONY            -   2
STORE            -   2
STORM            -   2
STORY            -   2
STOUT            -   2
STREAKS          -   2
STRIFE           -   2
STRUCK           -   2
STUFFD           -   2
SUCKD            -   2
SULLEN           -   2
SUM              -   2
SUMMER           -   2
SUMMERS          -   2
SUSPICION        -   2
SWITCH           -   2
T                -   2
TAEN             -   2
TAILOR           -   2
TAKEN            -   2
TAKING           -   2
TALKD            -   2
TEDIOUS          -   2
TEETH            -   2
TEMPER           -   2
TEN              -   2
TERM             -   2
TERROR           -   2
THANKFUL         -   2
THENCE           -   2
THINKST          -   2
THIRTY           -   2
THRONE           -   2
TONGUES          -   2
TOPS             -   2
TORCHES          -   2
TOT              -   2
TREMBLE          -   2
TRENCHER         -   2
TRIM             -   2
TRIUMPH          -   2
TROTH            -   2
TROUBLE          -   2
TROW             -   2
TRUDGE           -   2
TRY              -   2
TURNING          -   2
TUSH             -   2
TWAIN            -   2
TWELVE           -   2
TWIXT            -   2
TYRANT           -   2
UNDERNEATH       -   2
UNDONE           -   2
UNHAPPY          -   2
UNLUCKY          -   2
UNWORTHY         -   2
VALIANT          -   2
VALOUR           -   2
VANITY           -   2
VENGEANCE        -   2
VENUS            -   2
VERONAS          -   2
VESTAL           -   2
VEXD             -   2
VIAL             -   2
VICE             -   2
VIOLENT          -   2
VIRTUOUS         -   2
VITAE            -   2
VOLUME           -   2
WAGONER          -   2
WANT             -   2
WANTING          -   2
WANTON           -   2
WANTONS          -   2
WARE             -   2
WASH             -   2
WATCHING         -   2
WATER            -   2
WAX              -   2
WAYS             -   2
WEALTH           -   2
WEAPON           -   2
WEAPONS          -   2
WEARING          -   2
WEDDED           -   2
WEDDING          -   2
WEDDINGDAY       -   2
WEEDS            -   2
WEEK             -   2
WELLADAY         -   2
WHENCE           -   2
WHIP             -   2
WHITE            -   2
WHITHER          -   2
WHOS             -   2
WILDGOOSE        -   2
WINDOWS          -   2
WINDS            -   2
WOMANISH         -   2
WONDER           -   2
WOOD             -   2
WORLDS           -   2
WORM             -   2
WORMS            -   2
WORMWOOD         -   2
WORSER           -   2
WORSHIP          -   2
WOUNDED          -   2
WRITE            -   2
WRONG            -   2
WROUGHT          -   2
YES              -   2
YOUNGER          -   2
ZOUNDS           -   2
ABATE            -   1
ABBEY            -   1
ABED             -   1
ABHORRED         -   1
ABHORS           -   1
ABLEEDING        -   1
ABOARD           -   1
ABOUNDST         -   1
ABROACH          -   1
ABSOLVED         -   1
ABUSE            -   1
ABUSED           -   1
ABUSES           -   1
ACCENTS          -   1
ACCESS           -   1
ACCIDENT         -   1
ACCIDENTS        -   1
ACCORDING        -   1
ACCURSED         -   1
ACCUSTOMD        -   1
ACHE             -   1
ACHES            -   1
ACHING           -   1
ACKNOWLEDGE      -   1
ACQUAINT         -   1
ACQUAINTANCE     -   1
ACTED            -   1
ACTING           -   1
ACTION           -   1
ACTS             -   1
ADAM             -   1
ADD              -   1
ADDED            -   1
ADDING           -   1
ADDLE            -   1
ADJACENT         -   1
ADMIRED          -   1
ADOA             -   1
ADVANCE          -   1
ADVANCES         -   1
ADVERSARY        -   1
ADVERSITYS       -   1
ADVISE           -   1
AFEARD           -   1
AFFECTING        -   1
AFFLICTED        -   1
AFFLICTION       -   1
AFFORDS          -   1
AFFRAY           -   1
AFFRIGHT         -   1
AFIRE            -   1
AFRAID           -   1
AGATESTONE       -   1
AGILE            -   1
AGREE            -   1
AGREES           -   1
AIMD             -   1
ALDERMAN         -   1
ALLA             -   1
ALLCHEERING      -   1
ALLIANCE         -   1
ALLIGATOR        -   1
ALLOW            -   1
ALLSEEING        -   1
ALLY             -   1
ALTHOUGH         -   1
AMBIGUITIES      -   1
AMBLING          -   1
AMBUSCADOES      -   1
AMENDED          -   1
AMERCE           -   1
ANATOMY          -   1
ANCESTORS        -   1
ANDGODDEN        -   1
ANGEL            -   1
ANGELICA         -   1
ANGELICAL        -   1
ANGELS           -   1
ANGERD           -   1
ANGRY            -   1
ANGUISH          -   1
ANONBUT          -   1
ANSELME          -   1
ANTONY           -   1
APE              -   1
APOLOGY          -   1
APPEARS          -   1
APPERTAINING     -   1
APPETITE         -   1
APRIL            -   1
ARBITRATING      -   1
ARGUES           -   1
ARGUMENT         -   1
ARITHMETIC       -   1
ARMED            -   1
ARMOUR           -   1
ARRIVES          -   1
ARROW            -   1
ARTIFICIAL       -   1
ASCEND           -   1
ASHAMED          -   1
ASKD             -   1
ASKING           -   1
ASPIRED          -   1
ASSAILING        -   1
ASSEMBLY         -   1
ASSISTANT        -   1
ASSOCIATE        -   1
ASSURE           -   1
AST              -   1
ASUNDER          -   1
ATHWART          -   1
ATOMIES          -   1
ATTACH           -   1
ATTEMPT          -   1
ATTENDED         -   1
ATTENDING        -   1
ATTIRES          -   1
AUGMENTING       -   1
AURORAS          -   1
AWAKING          -   1
AWEARY           -   1
AXE              -   1
BABE             -   1
BACHELOR         -   1
BACKS            -   1
BADST            -   1
BAIT             -   1
BAKED            -   1
BAKES            -   1
BALEFUL          -   1
BALL             -   1
BANDY            -   1
BANDYING         -   1
BANKRUPT         -   1
BANQUET          -   1
BAPTIZED         -   1
BAREFOOT         -   1
BARGAIN          -   1
BASKET           -   1
BASKETS          -   1
BATING           -   1
BATTLEMENTS      -   1
BAUBLE           -   1
BAWDY            -   1
BEARD            -   1
BEASTS           -   1
BEATEN           -   1
BEAUTIFUL        -   1
BEAUTIFY         -   1
BECOMED          -   1
BECOMES          -   1
BEDAUBD          -   1
BEDECK           -   1
BEETLE           -   1
BEFITS           -   1
BEGGARLY         -   1
BEGGARMAID       -   1
BEGGARY          -   1
BEGINNERS        -   1
BEGONE           -   1
BEGOT            -   1
BEGUILD          -   1
BEGUN            -   1
BEHALF           -   1
BEHAVIOR         -   1
BEHESTS          -   1
BEHOVEFUL        -   1
BELL             -   1
BELLS            -   1
BELONG           -   1
BELOVED          -   1
BELOW            -   1
BENCH            -   1
BENEDICITE       -   1
BENEFICE         -   1
BENT             -   1
BEPAINT          -   1
BERHYME          -   1
BESCREEND        -   1
BESEEMING        -   1
BESTRIDE         -   1
BESTRIDES        -   1
BETAKE           -   1
BETOSSED         -   1
BETROTHD         -   1
BETWITCHED       -   1
BIDE             -   1
BIDS             -   1
BILLS            -   1
BIT              -   1
BLACKBROWD       -   1
BLADDERS         -   1
BLADES           -   1
BLAME            -   1
BLAZE            -   1
BLAZON           -   1
BLEEDING         -   1
BLEEDS           -   1
BLESSING         -   1
BLESSINGS        -   1
BLISTERD         -   1
BLISTERS         -   1
BLUSHING         -   1
BODES            -   1
BODIES           -   1
BOISTEROUS       -   1
BON              -   1
BONDAGE          -   1
BOOKS            -   1
BOOTED           -   1
BORNE            -   1
BORROW           -   1
BOSOMS           -   1
BOUGHT           -   1
BOUNDLESS        -   1
BOUNDS           -   1
BOUNTY           -   1
BOUT             -   1
BOWBOYS          -   1
BOWD             -   1
BOWER            -   1
BOWL             -   1
BOXES            -   1
BOYS             -   1
BRACE            -   1
BRAGGART         -   1
BRAINBUT         -   1
BRAWLING         -   1
BREACHES         -   1
BREAD            -   1
BREAKS           -   1
BREATHE          -   1
BREATHES         -   1
BREATHS          -   1
BRED             -   1
BRIEFLY          -   1
BRIGHTNESS       -   1
BRINE            -   1
BRINGING         -   1
BRISK            -   1
BROKEN           -   1
BROTHERHOOD      -   1
BROUGHT          -   1
BUCKLERS         -   1
BUDGE            -   1
BUDS             -   1
BUMP             -   1
BURIAL           -   1
BURNETH          -   1
BURNS            -   1
BURYING          -   1
BUSIED           -   1
BUSY             -   1
BUTCHER          -   1
BUTTON           -   1
BUTTSHAFT        -   1
BYR              -   1
CAETERA          -   1
CAGE             -   1
CAITIFF          -   1
CAKES            -   1
CALAMITY         -   1
CALLD            -   1
CALLING          -   1
CANCELLD         -   1
CANDLEHOLDER     -   1
CANDLES          -   1
CANKER           -   1
CANNONS          -   1
CANOPY           -   1
CAPTAIN          -   1
CAPULETHOLD      -   1
CAPULETWHICH     -   1
CAREFUL          -   1
CARELESSLY       -   1
CARRIAGE         -   1
CARRIES          -   1
CARRION          -   1
CARRIONFLIES     -   1
CATCH            -   1
CATCHD           -   1
CATLING          -   1
CENTRE           -   1
CERTAIN          -   1
CHAIN            -   1
CHAMBERMAIDS     -   1
CHANCES          -   1
CHANGES          -   1
CHAOS            -   1
CHAPLESS         -   1
CHARIOT          -   1
CHARM            -   1
CHARNELHOUSE     -   1
CHASE            -   1
CHASTE           -   1
CHASTITY         -   1
CHAT             -   1
CHEERFUL         -   1
CHEERS           -   1
CHEQUERING       -   1
CHERISH          -   1
CHERISHING       -   1
CHEVERIL         -   1
CHIDST           -   1
CHIEFLY          -   1
CHILDHOOD        -   1
CHILDISH         -   1
CHILDRENS        -   1
CHILDS           -   1
CHINKS           -   1
CHOKING          -   1
CHOPLOGIC        -   1
CHRISTIAN        -   1
CHURCHDOOR       -   1
CHURL            -   1
CIRCLE           -   1
CIRCLED          -   1
CITYS            -   1
CLAPS            -   1
CLASPS           -   1
CLEAR            -   1
CLEARS           -   1
CLEFT            -   1
CLEOPATRA        -   1
CLIMBS           -   1
CLOAK            -   1
CLOCK            -   1
CLOSELY          -   1
CLOSET           -   1
CLOTHES          -   1
CLOUDY           -   1
CLOUT            -   1
CLUB             -   1
COACHMAKERS      -   1
COALS            -   1
COCK             -   1
COCKAHOOP        -   1
COCKATRICE       -   1
COCKERELS        -   1
COIL             -   1
COLDLY           -   1
COLLAR           -   1
COLLARS          -   1
COLLIERS         -   1
COMBINE          -   1
COMBINED         -   1
COMEST           -   1
COMFORTABLE      -   1
COMFORTED        -   1
COMMISSION       -   1
COMPASS          -   1
COMPLAIN         -   1
COMPLIMENT       -   1
COMPLIMENTS      -   1
COMPOUNDS        -   1
CONCEALD         -   1
CONCEIVE         -   1
CONCLUDES        -   1
CONDUIT          -   1
CONFIDENCE       -   1
CONFINES         -   1
CONFOUNDS        -   1
CONJURATIONS     -   1
CONJURED         -   1
CONQUERD         -   1
CONSENTS         -   1
CONSEQUENCE      -   1
CONSIDERING      -   1
CONSORTED        -   1
CONSORTST        -   1
CONSPIRES        -   1
CONSTABLES       -   1
CONSTRAINS       -   1
CONSUME          -   1
CONTAGION        -   1
CONTAINING       -   1
CONTEMPT         -   1
CONTINUANCE      -   1
CONTINUE         -   1
CONTRACT         -   1
CONTRADICT       -   1
CONVENIENTLY     -   1
CONVERT          -   1
CONVEY           -   1
CONVOY           -   1
COOKS            -   1
COPEST           -   1
COPHETUA         -   1
CORDIAL          -   1
COST             -   1
COTQUEAN         -   1
COUCH            -   1
COUGHING         -   1
COUNTERFEITST    -   1
COUNTERVAIL      -   1
COUNTRY          -   1
COUNTS           -   1
COUNTYS          -   1
COUPLE           -   1
COURAGE          -   1
COURAGEOUS       -   1
COURTCUPBOARD    -   1
COURTS           -   1
COURTSHIP        -   1
COURTSIES        -   1
COURTSY          -   1
COVERD           -   1
COVERT           -   1
COWARD           -   1
CRACKING         -   1
CRAM             -   1
CRAVE            -   1
CREATE           -   1
CREATURE         -   1
CRICKETS         -   1
CRIED            -   1
CRIMSON          -   1
CROSSING         -   1
CROTCHETS        -   1
CROWD            -   1
CROWKEEPER       -   1
CROWND           -   1
CROWS            -   1
CRUSH            -   1
CRYSTAL          -   1
CULLD            -   1
CULLING          -   1
CURES            -   1
CURFEWBELL       -   1
CURIOUS          -   1
CURSE            -   1
CURTAIN          -   1
CUSTOM           -   1
CUTS             -   1
CUTTING          -   1
CUTTST           -   1
CYNTHIAS         -   1
DAINTY           -   1
DAMNATION        -   1
DANCED           -   1
DANGER           -   1
DANGEROUS        -   1
DANK             -   1
DARED            -   1
DAREST           -   1
DARKNESS         -   1
DASH             -   1
DASHING          -   1
DATELESS         -   1
DATES            -   1
DEALING          -   1
DEARER           -   1
DEAREST          -   1
DEARLOVED        -   1
DEATHBED         -   1
DEATHDARTING     -   1
DEATHMARKD       -   1
DECEASED         -   1
DECEIT           -   1
DECK             -   1
DECREE           -   1
DECREED          -   1
DEDICATE         -   1
DEED             -   1
DEEDS            -   1
DEFENCE          -   1
DEFIANCE         -   1
DEFLOWERED       -   1
DEFORMITIES      -   1
DELICIOUSNESS    -   1
DELIVER          -   1
DELIVERD         -   1
DEMAND           -   1
DENIED           -   1
DENOTE           -   1
DEPARTED         -   1
DEPEND           -   1
DEPRIVED         -   1
DEPTH            -   1
DESCENT          -   1
DESCRY           -   1
DESIREST         -   1
DESPITE          -   1
DEVOUT           -   1
DEWDROPPING      -   1
DEXTERITY        -   1
DIAL             -   1
DIANS            -   1
DIDO             -   1
DIED             -   1
DIGGING          -   1
DIGNIFIED        -   1
DIGNITY          -   1
DIGRESSING       -   1
DINE             -   1
DINED            -   1
DIRE             -   1
DIRECT           -   1
DIRECTION        -   1
DIREFUL          -   1
DIRGES           -   1
DISCERN          -   1
DISCHARGED       -   1
DISCOLOURD       -   1
DISCOVER         -   1
DISCOVERED       -   1
DISCOVERY        -   1
DISCREET         -   1
DISGRACE         -   1
DISGUISED        -   1
DISHCLOUT        -   1
DISHONOURABLE    -   1
DISHONOURD       -   1
DISLIKE          -   1
DISMEMBERD       -   1
DISPARAGEMENT    -   1
DISPATCH         -   1
DISPERSE         -   1
DISPLANT         -   1
DISPLEASED       -   1
DISPLEASURE      -   1
DISPOSE          -   1
DISPRAISE        -   1
DISPUTE          -   1
DISSEMBLERS      -   1
DISTANCE         -   1
DISTEMPERATURE   -   1
DISTEMPERD       -   1
DISTILLD         -   1
DISTILLED        -   1
DISTRAUGHT       -   1
DISTRESSED       -   1
DISTURBD         -   1
DIVERS           -   1
DIVIDETH         -   1
DIVINE           -   1
DIVINEST         -   1
DIVISION         -   1
DIVORCED         -   1
DOCTRINE         -   1
DOFF             -   1
DOGS             -   1
DOLEFUL          -   1
DOUBLE           -   1
DOUBLET          -   1
DOVEFEATHERD     -   1
DOVES            -   1
DOWDY            -   1
DOWNRIGHT        -   1
DOZEN            -   1
DRAG             -   1
DRAGON           -   1
DRAVE            -   1
DRAWER           -   1
DREADFUL         -   1
DREAMD           -   1
DREAMERS         -   1
DRESSD           -   1
DRIED            -   1
DRIER            -   1
DRIVELLING       -   1
DRIVETH          -   1
DRIVING          -   1
DRIZZLE          -   1
DROP             -   1
DROPS            -   1
DROWND           -   1
DROWSY           -   1
DRUDGE           -   1
DRUM             -   1
DRUMS            -   1
DRUNKARD         -   1
DUCATS           -   1
DUMPS            -   1
DUN              -   1
DUNS             -   1
DUST             -   1
DWELLSWHICH      -   1
EAGLE            -   1
EARL             -   1
EARLINESS        -   1
EARTHEN          -   1
EARTHQUAKE       -   1
EARTHTREADING    -   1
EASTER           -   1
EASTERN          -   1
EATS             -   1
EBB              -   1
ECHO             -   1
EEN              -   1
EFFEMINATE       -   1
EIGHT            -   1
ELDER            -   1
ELFLOCKS         -   1
ELL              -   1
ELOQUENCE        -   1
EMBRACE          -   1
EMPEROR          -   1
EMPLOYMENT       -   1
ENAMOURD         -   1
ENCAMP           -   1
ENDART           -   1
ENDS             -   1
ENDURED          -   1
ENFORCE          -   1
ENGROSSING       -   1
ENJOIND          -   1
ENJOYD           -   1
ENOUGHTWILL      -   1
ENPIERCED        -   1
ENRICH           -   1
ENSIGN           -   1
ENTERTAIND       -   1
ENTREATED        -   1
ENVIRONED        -   1
ERRAND           -   1
ESTATE           -   1
ESTEEM           -   1
ET               -   1
ETERNAL          -   1
ETHIOPES         -   1
EVENING          -   1
EXCESS           -   1
EXCUSED          -   1
EXCUSES          -   1
EXECUTION        -   1
EXHALES          -   1
EXILED           -   1
EXPECTST         -   1
EXPIRE           -   1
EXPOSITION       -   1
EXPRESSLY        -   1
EXQUISITE        -   1
EXTREME          -   1
EXTREMES         -   1
EXTREMITIES      -   1
EXTREMITY        -   1
EYELESS          -   1
FADE             -   1
FAILS            -   1
FAINTLY          -   1
FAIREST          -   1
FAITHFULLY       -   1
FALCONERS        -   1
FALLN            -   1
FALSEHOOD        -   1
FAMILIAR         -   1
FAMINE           -   1
FANS             -   1
FANTASTICOES     -   1
FANTASY          -   1
FARES            -   1
FARTHEST         -   1
FASHIONMONGERS   -   1
FASTER           -   1
FATE             -   1
FAY              -   1
FEARFULLY        -   1
FEARS            -   1
FEARST           -   1
FEATHER          -   1
FEATHERS         -   1
FEES             -   1
FEET             -   1
FEIGN            -   1
FELL             -   1
FELLOWSHIP       -   1
FELON            -   1
FEMALE           -   1
FESTERING        -   1
FETTLE           -   1
FIDDLESTICK      -   1
FIELDBED         -   1
FIERCE           -   1
FIERYFOOTED      -   1
FIGHTING         -   1
FIGURE           -   1
FILM             -   1
FINDING          -   1
FIRED            -   1
FIREEYED         -   1
FIRES            -   1
FISHER           -   1
FISHES           -   1
FISHIFIED        -   1
FITS             -   1
FIVEFATHOM       -   1
FLAG             -   1
FLASK            -   1
FLATTERING       -   1
FLATTERINGSWEET  -   1
FLECKED          -   1
FLEER            -   1
FLINT            -   1
FLIRTGILLS       -   1
FLOOD            -   1
FLOURISHES       -   1
FLOW             -   1
FLOWED           -   1
FLOWERED         -   1
FLOWERING        -   1
FOLKS            -   1
FOLLOWD          -   1
FOLLOWER         -   1
FOLLOWERS        -   1
FOLLOWING        -   1
FOLLOWS          -   1
FORBIDDEN        -   1
FORCE            -   1
FOREFATHERS      -   1
FOREFINGER       -   1
FOREHEAD         -   1
FOREIGN          -   1
FORERUN          -   1
FORGETTING       -   1
FORMS            -   1
FORSAKEN         -   1
FORSOOTH         -   1
FORSWEAR         -   1
FORTNIGHT        -   1
FOUNDST          -   1
FOUNTAINS        -   1
FRANCISCAN       -   1
FRANK            -   1
FREETOWN         -   1
FREEZES          -   1
FRIARS           -   1
FRIENDLY         -   1
FRIENDSHIP       -   1
FRIGHT           -   1
FRIGHTED         -   1
FROST            -   1
FROWNING         -   1
FROWNS           -   1
FROZEN           -   1
FRUIT            -   1
FRUITTREE        -   1
FUME             -   1
FUN              -   1
FUNERAL          -   1
FURIOUS          -   1
FURNISH          -   1
FURTHEST         -   1
GADDING          -   1
GAINST           -   1
GALLOP           -   1
GAME             -   1
GAPES            -   1
GARISH           -   1
GATE             -   1
GAVEST           -   1
GENTLEMANLIKE    -   1
GENTLER          -   1
GHOST            -   1
GI               -   1
GIDDY            -   1
GIPSY            -   1
GIRLS            -   1
GLEEK            -   1
GLIDE            -   1
GLOOMING         -   1
GLORIOUS         -   1
GLORY            -   1
GLOVE            -   1
GNAT             -   1
GODO             -   1
GOETH            -   1
GOODFELLOWS      -   1
GOODLY           -   1
GOODMAN          -   1
GOODMORROW       -   1
GOREBLOOD        -   1
GORGED           -   1
GORGEOUS         -   1
GORY             -   1
GOSSAMER         -   1
GOSSIP           -   1
GOVERNMENT       -   1
GOWN             -   1
GRACIOUS         -   1
GRASSHOPPERS     -   1
GRAVITY          -   1
GRAZE            -   1
GREATER          -   1
GREATEST         -   1
GREENSICKNESS    -   1
GREETINGS        -   1
GREYCOATED       -   1
GREYEYED         -   1
GRIEVANCE        -   1
GRIEVANCES       -   1
GRIEVE           -   1
GRINDSTONE       -   1
GRIPING          -   1
GROAND           -   1
GROANING         -   1
GROSS            -   1
GROVE            -   1
GRUB             -   1
GRUBS            -   1
GRUDGE           -   1
GUIDE            -   1
GUN              -   1
GYVES            -   1
HAG              -   1
HAI              -   1
HAIRS            -   1
HAMS             -   1
HANDSOME         -   1
HANGED           -   1
HANGING          -   1
HAPLY            -   1
HARDHEARTED      -   1
HARLOTRY         -   1
HARLOTS          -   1
HARSH            -   1
HASTEN           -   1
HASTES           -   1
HASTY            -   1
HATED            -   1
HATES            -   1
HATRED           -   1
HAUGHTY          -   1
HAUNT            -   1
HAVIOR           -   1
HAZEL            -   1
HAZELNUT         -   1
HEADSTRONG       -   1
HEALTH           -   1
HEALTHS          -   1
HEALTHSOME       -   1
HEAPD            -   1
HEARETH          -   1
HEARTLESS        -   1
HEARTSICK        -   1
HEAT             -   1
HEAVENLY         -   1
HEELS            -   1
HELEN            -   1
HELENA           -   1
HENCEBANISHED    -   1
HERALD           -   1
HERALDS          -   1
HEREABOUT        -   1
HEREABOUTS       -   1
HERETICS         -   1
HERO             -   1
HERRING          -   1
HIDEOUS          -   1
HIGHMOST         -   1
HIGHWAY          -   1
HILDING          -   1
HILDINGS         -   1
HILL             -   1
HILLS            -   1
HIMDEAD          -   1
HIMSELFI         -   1
HINDS            -   1
HISSD            -   1
HOARS            -   1
HOLDING          -   1
HOLE             -   1
HOLIDAME         -   1
HOLIDAY          -   1
HOLP             -   1
HOMELY           -   1
HONESTLY         -   1
HONESTY          -   1
HOODWINKD        -   1
HOOKS            -   1
HOP              -   1
HOPEFUL          -   1
HOPES            -   1
HORRIBLE         -   1
HOUSEWIFE        -   1
HOWLINGS         -   1
HUGE             -   1
HUGH             -   1
HUMBLY           -   1
HUMOROUS         -   1
HUMOURS          -   1
HUNG             -   1
HUNGRY           -   1
HUNTING          -   1
HUNTSUP          -   1
HURDLE           -   1
HURRY            -   1
HUSBANDFALLST    -   1
HUSBANDGOD       -   1
HYMNS            -   1
IDLE             -   1
IDLES            -   1
IDOLATRY         -   1
IGNORANCE        -   1
ILLDIVINING      -   1
ILLSHAPED        -   1
IMAGINED         -   1
IMMODERATELY     -   1
IMPATIENT        -   1
IMPEACH          -   1
IMPORTUNED       -   1
IMPUTE           -   1
INAUSPICIOUS     -   1
INCH             -   1
INCORPORATE      -   1
INDITE           -   1
INEXORABLE       -   1
INFANT           -   1
INFECTIOUS       -   1
INFINITE         -   1
INFOLD           -   1
INHERIT          -   1
INJURED          -   1
INJURIES         -   1
INK              -   1
INSTANT          -   1
INTEND           -   1
INTENDED         -   1
INTERCESSION     -   1
INTERCHANGING    -   1
INTEREST         -   1
INTERRD          -   1
INTERRUPT        -   1
INTRUSION        -   1
INUNDATION       -   1
INVITE           -   1
INVITED          -   1
INVOCATION       -   1
ISSUE            -   1
ISSUING          -   1
ITALY            -   1
ITCH             -   1
ITHERE           -   1
ITS              -   1
IWELL            -   1
JACKS            -   1
JAMES            -   1
JAUNT            -   1
JAUNTING         -   1
JAWS             -   1
JESTS            -   1
JEWEL            -   1
JOCUND           -   1
JOIN             -   1
JOIND            -   1
JOINER           -   1
JOINTSTOOLS      -   1
JOINTURE         -   1
JOUR             -   1
JOURNEY          -   1
JOVE             -   1
JUDGMENTPLACE    -   1
JUSTICE          -   1
JUSTLY           -   1
KEEPERS          -   1
KEPT             -   1
KEYS             -   1
KILLING          -   1
KIN              -   1
KINDLY           -   1
KINDRED          -   1
KINGS            -   1
KINSMANS         -   1
KITCHENWENCH     -   1
KNAVES           -   1
KNIT             -   1
KNOT             -   1
LABEL            -   1
LABOUR           -   1
LACE             -   1
LACKS            -   1
LADDER           -   1
LADYBIRD         -   1
LADYLORD         -   1
LADYSHIP         -   1
LAME             -   1
LAMENT           -   1
LAMENTATION      -   1
LAMENTATIONS     -   1
LAMMASTIDE       -   1
LAMP             -   1
LAMPS            -   1
LANE             -   1
LANGUAGE         -   1
LANGUISH         -   1
LAP              -   1
LARGE            -   1
LASH             -   1
LASTING          -   1
LATELY           -   1
LATH             -   1
LAUGHS           -   1
LAURA            -   1
LAWYERS          -   1
LAZY             -   1
LAZYPACING       -   1
LEAN             -   1
LEANS            -   1
LEAPD            -   1
LEAPS            -   1
LEARNED          -   1
LEARNEDIN        -   1
LEARNING         -   1
LEARNS           -   1
LEAST            -   1
LEAVING          -   1
LEND             -   1
LENGTHENS        -   1
LENITY           -   1
LENTEN           -   1
LESSEND          -   1
LESSER           -   1
LETTERAND        -   1
LETTING          -   1
LEVEL            -   1
LIARS            -   1
LIEF             -   1
LIEGE            -   1
LIEST            -   1
LIFEWEARY        -   1
LIFTS            -   1
LIGHTENS         -   1
LIGHTLY          -   1
LIGHTNESS        -   1
LIKELY           -   1
LIKING           -   1
LIMIT            -   1
LIMITS           -   1
LIMPING          -   1
LINEAMENT        -   1
LIP              -   1
LIQUID           -   1
LIQUOR           -   1
LISPING          -   1
LIST             -   1
LIVED            -   1
LIVELY           -   1
LIVER            -   1
LIVEST           -   1
LIVIA            -   1
LODGE            -   1
LODGES           -   1
LOGGERHEAD       -   1
LOINS            -   1
LOLLING          -   1
LONGEXPERIENCED  -   1
LOOKD            -   1
LOOKED           -   1
LOOKING          -   1
LOOSE            -   1
LOUD             -   1
LOUR             -   1
LOURING          -   1
LOVEDEVOURING    -   1
LOVEPERFORMING   -   1
LOVESONG         -   1
LOVINGJEALOUS    -   1
LOW              -   1
LUCENTIO         -   1
LUCIO            -   1
LURE             -   1
LURK             -   1
LUSTIER          -   1
MADLY            -   1
MADMANS          -   1
MADMEN           -   1
MADNESS          -   1
MAIDEN           -   1
MAIDENHEADS      -   1
MAIDENHOODS      -   1
MAIDENWIDOWED    -   1
MAINTAINS        -   1
MAMMET           -   1
MANDRAKES        -   1
MANES            -   1
MANGLE           -   1
MANLY            -   1
MANNER           -   1
MANNERLY         -   1
MANTLE           -   1
MANTOOK          -   1
MANTUAS          -   1
MANYS            -   1
MARCHPANE        -   1
MARGENT          -   1
MARIA            -   1
MARKHERE         -   1
MARKMAN          -   1
MARRD            -   1
MARRIAGEDAY      -   1
MARTIAL          -   1
MARTINO          -   1
MARTYRD          -   1
MARVELLOUS       -   1
MASKD            -   1
MASKS            -   1
MASTERLESS       -   1
MATRON           -   1
MATTERNURSE      -   1
MAW              -   1
MEAGRE           -   1
MEANST           -   1
MEASURING        -   1
MEATS            -   1
MEBANISHED       -   1
MEDDLE           -   1
MEDICINE         -   1
MEDLAR           -   1
MEDLARS          -   1
MELANCHOLY       -   1
MEMORY           -   1
MENACE           -   1
MERCHANDISE      -   1
MERCHANT         -   1
MERRILY          -   1
MERRIMENT        -   1
MESSAGES         -   1
METEOR           -   1
MEWD             -   1
MICKLE           -   1
MIDWIFE          -   1
MILES            -   1
MILK             -   1
MINDED           -   1
MINDS            -   1
MINIM            -   1
MINION           -   1
MINISTERD        -   1
MINSTREL         -   1
MIRE             -   1
MISADVENTURED    -   1
MISAPPLIED       -   1
MISBEHAVED       -   1
MISCARRIED       -   1
MISCHANCE        -   1
MISCHIEF         -   1
MISFORTUNE       -   1
MISFORTUNES      -   1
MISGIVES         -   1
MISSHEATHED      -   1
MISTAENFOR       -   1
MISTAKING        -   1
MISTEMPERD       -   1
MISTERMD         -   1
MISTLIKE         -   1
MISTRES          -   1
MISTRESSES       -   1
MISTY            -   1
MIXD             -   1
MIXTURE          -   1
MOANS            -   1
MOCKER           -   1
MODERATELY       -   1
MODERN           -   1
MONARCH          -   1
MONEY            -   1
MONSTER          -   1
MONTHLY          -   1
MOOD             -   1
MOONSHINES       -   1
MORAL            -   1
MORSEL           -   1
MOUNTAIN         -   1
MOURNERS         -   1
MOUSEHUNT        -   1
MOVES            -   1
MOVETH           -   1
MUFFLE           -   1
MUFFLED          -   1
MUMBLING         -   1
MURDERED         -   1
MUSICS           -   1
MUSTY            -   1
NAKED            -   1
NAMED            -   1
NAPKINS          -   1
NARROW           -   1
NAUGHT           -   1
NECESSARIES      -   1
NEEDFUL          -   1
NEEDLY           -   1
NEEDST           -   1
NEGLECTING       -   1
NEIGHBOUR        -   1
NEIGHBOURSTAINED -   1
NELL             -   1
NEPHEW           -   1
NETS             -   1
NEWBELOVED       -   1
NICKNAME         -   1
NIECE            -   1
NIECES           -   1
NIMBLE           -   1
NIMBLEPINIOND    -   1
NIPPLE           -   1
NOBLEMAN         -   1
NOBLY            -   1
NOON             -   1
NORTH            -   1
NOSES            -   1
NOTED            -   1
NOTES            -   1
NOTICE           -   1
NOTING           -   1
NOURISHD         -   1
NUMBERS          -   1
NUNS             -   1
NUPTIALS         -   1
NURSEO           -   1
NUTS             -   1
OBSCURED         -   1
OCCUPY           -   1
ODDLY            -   1
ODDS             -   1
OERCOVERD        -   1
OERPERCH         -   1
OFFENCE          -   1
OFFERED          -   1
OLDER            -   1
OMIT             -   1
ONES             -   1
OPENS            -   1
OPERATION        -   1
OPPORTUNITY      -   1
OPPOSED          -   1
OPPOSITE         -   1
OPPOSITION       -   1
OPPRESS          -   1
ORB              -   1
ORDAINED         -   1
ORISONS          -   1
ORMORE           -   1
OSIER            -   1
OURSELVES        -   1
OUTCRY           -   1
OVERHEARDST      -   1
OVERSET          -   1
OVERTHROWN       -   1
OVERTHROWS       -   1
OVERWHELMING     -   1
OWE              -   1
OWES             -   1
OWNBE            -   1
PACK             -   1
PACKED           -   1
PACKTHREAD       -   1
PAINTED          -   1
PAINTER          -   1
PALY             -   1
PANTRY           -   1
PARAMOUR         -   1
PARDOND          -   1
PARDONING        -   1
PARENTAGE        -   1
PARLOUS          -   1
PARSONS          -   1
PARTED           -   1
PARTIES          -   1
PARTING          -   1
PARTLY           -   1
PASSAGE          -   1
PASSD            -   1
PASTRY           -   1
PATE             -   1
PATH             -   1
PATHWAYS         -   1
PEAR             -   1
PEERD            -   1
PEEVISH          -   1
PEN              -   1
PENALTY          -   1
PENCIL           -   1
PENNY            -   1
PENNYWORTHS      -   1
PENS             -   1
PENSIVE          -   1
PENTECOST        -   1
PENURY           -   1
PEOPLE           -   1
PEPPERED         -   1
PERCHANCE        -   1
PERDONAMIS       -   1
PERFECTION       -   1
PERFORM          -   1
PERHAPS          -   1
PERIL            -   1
PERJURED         -   1
PERJURIES        -   1
PERJURY          -   1
PERNICIOUS       -   1
PERUSE           -   1
PERVERSE         -   1
PESTILENCE       -   1
PESTILENT        -   1
PETRARCH         -   1
PETRUCIO         -   1
PHAETHON         -   1
PHOEBUS          -   1
PHRASE           -   1
PHYSIC           -   1
PIE              -   1
PIECES           -   1
PIERCED          -   1
PIERCING         -   1
PILGRIMAGE       -   1
PIN              -   1
PINED            -   1
PIPES            -   1
PITCH            -   1
PITCHER          -   1
PLACENTIO        -   1
PLAGUES          -   1
PLAIN            -   1
PLAINLY          -   1
PLAINTAINLEAF    -   1
PLANT            -   1
PLANTS           -   1
PLATE            -   1
PLATS            -   1
PLAYD            -   1
PLAYING          -   1
PLEADING         -   1
PLEASANT         -   1
PLUCKS           -   1
POINTS           -   1
POISED           -   1
POMEGRANATETREE  -   1
POPERIN          -   1
PORTENTOUS       -   1
PORTER           -   1
PORTLY           -   1
POSSESS          -   1
POSTERITY        -   1
POSTHORSES       -   1
POTHECARY        -   1
POTION           -   1
POTIONS          -   1
POTS             -   1
POULTICE         -   1
POUTST           -   1
POWERFUL         -   1
POX              -   1
PRACTISE         -   1
PRAISED          -   1
PRATING          -   1
PRECIOUSJUICED   -   1
PREDICAMENT      -   1
PREDOMINANT      -   1
PREFIXED         -   1
PREPARED         -   1
PRESAGE          -   1
PRESERVING       -   1
PREST            -   1
PREVAILS         -   1
PREVENTED        -   1
PRICKD           -   1
PRICKING         -   1
PRICKS           -   1
PRICKSONG        -   1
PRINCOX          -   1
PRISONER         -   1
PRIVY            -   1
PROCEEDING       -   1
PROCURE          -   1
PROCURES         -   1
PRODIGIOUS       -   1
PROFANE          -   1
PROFANERS        -   1
PROFESSD         -   1
PROGRESS         -   1
PROLIXITY        -   1
PROMISE          -   1
PROMISED         -   1
PROMOTION        -   1
PROMPT           -   1
PROMPTER         -   1
PROPAGATE        -   1
PROPERER         -   1
PROPORTION       -   1
PROPORTIOND      -   1
PROROGUE         -   1
PROROGUED        -   1
PROSTRATE        -   1
PROUDS           -   1
PROVERBD         -   1
PROVES           -   1
PROVIDED         -   1
PROVISION        -   1
PROVOKE          -   1
PRUDENCE         -   1
PRY              -   1
PUFFS            -   1
PULING           -   1
PULSE            -   1
PUNISHD          -   1
PUNISHED         -   1
PUNTO            -   1
PUPIL            -   1
PURBLIND         -   1
PURCHASE         -   1
PURGATORY        -   1
PURGE            -   1
PURPLE           -   1
PURSUING         -   1
PUSH             -   1
PUTTING          -   1
QUALITIES        -   1
QUARRELLED       -   1
QUARRELS         -   1
QUARTER          -   1
QUEEN            -   1
QUINCES          -   1
QUIT             -   1
QUIVERING        -   1
QUIVERS          -   1
QUOTE            -   1
RAGING           -   1
RAILST           -   1
RAINS            -   1
RANCOUR          -   1
RANK             -   1
RANKD            -   1
RAPIERS          -   1
RASH             -   1
RAT              -   1
RATCATCHER       -   1
RATTLING         -   1
RAVEN            -   1
RAVENS           -   1
REACH            -   1
READS            -   1
REARWARD         -   1
REASONS          -   1
REBECK           -   1
REBELLIOUS       -   1
RECEIPT          -   1
RECEIVE          -   1
RECEPTACLE       -   1
RECLAIMD         -   1
RECONCILE        -   1
REDEEM           -   1
REDRESS          -   1
REEKY            -   1
REELS            -   1
REFLEX           -   1
REFUSE           -   1
REGION           -   1
RELIGION         -   1
REMEDIES         -   1
REMEMBERD        -   1
REMEMBERING      -   1
REMNANTS         -   1
REMOVED          -   1
RENOWND          -   1
REPETITION       -   1
REPLIEST         -   1
REPLY            -   1
REPORT           -   1
REPOSE           -   1
REPUTATION       -   1
REQUEST          -   1
RESIDENCE        -   1
RESIGN           -   1
RESOLUTION       -   1
RESOLVE          -   1
RESORT           -   1
RESPECTIVE       -   1
RESPECTS         -   1
RESTORATIVE      -   1
RESTS            -   1
RETAIN           -   1
RETIRE           -   1
RETIRING         -   1
RETORTS          -   1
RETURND          -   1
REVEL            -   1
REVELS           -   1
REVENGE          -   1
REVEREND         -   1
REVERSE          -   1
REVERSO          -   1
REVIVE           -   1
REVOLT           -   1
REVOLTS          -   1
RIBAND           -   1
RID              -   1
RIGHTEOUS        -   1
RIGOUR           -   1
RIND             -   1
RIPE             -   1
RIPENING         -   1
RISE             -   1
RITES            -   1
ROARD            -   1
ROCKS            -   1
RODE             -   1
ROE              -   1
ROGUE            -   1
ROMEOBANISHED    -   1
ROOD             -   1
ROOTETH          -   1
ROPERY           -   1
ROPES            -   1
ROSALINES        -   1
ROSE             -   1
ROTE             -   1
ROTTEN           -   1
ROUND            -   1
RUNAGATE         -   1
RUNAWAYS         -   1
RUNG             -   1
RUNNST           -   1
RUNS             -   1
RUSHD            -   1
RUST             -   1
S                -   1
SACK             -   1
SACRIFICED       -   1
SACRIFICES       -   1
SADLY            -   1
SAFETY           -   1
SAILING          -   1
SAILS            -   1
SAINTSEDUCING    -   1
SALE             -   1
SALLOW           -   1
SALUTATION       -   1
SALUTETH         -   1
SATISFACTION     -   1
SAUCE            -   1
SAVAGEWILD       -   1
SAYING           -   1
SCALES           -   1
SCANT            -   1
SCARCE           -   1
SCARE            -   1
SCARF            -   1
SCARING          -   1
SCARS            -   1
SCATHE           -   1
SCATTERD         -   1
SCHOOL           -   1
SCHOOLBOYS       -   1
SCOPE            -   1
SCORE            -   1
SCOURGE          -   1
SCRAPE           -   1
SEARCHERS        -   1
SEASICK          -   1
SEASON           -   1
SECRETNURSE      -   1
SEEDS            -   1
SEEKING          -   1
SEEKS            -   1
SEEM             -   1
SEEMST           -   1
SEES             -   1
SEIZE            -   1
SELFWILLD        -   1
SEMBLANCE        -   1
SENDING          -   1
SENDS            -   1
SENSELESS        -   1
SENSES           -   1
SENTENTIOUS      -   1
SEPARATED        -   1
SERIOUS          -   1
SERPENT          -   1
SERPENTS         -   1
SERVES           -   1
SERVINGCREATURE  -   1
SERVINGCREATURES -   1
SERVINGMAN       -   1
SETS             -   1
SETTLED          -   1
SEVERAL          -   1
SEVEREST         -   1
SEVERING         -   1
SEVERITY         -   1
SHADY            -   1
SHAFT            -   1
SHANKS           -   1
SHARPGROUND      -   1
SHARPS           -   1
SHEATH           -   1
SHEET            -   1
SHEGOD           -   1
SHELVES          -   1
SHIELD           -   1
SHIFT            -   1
SHIN             -   1
SHINING          -   1
SHIP             -   1
SHIRT            -   1
SHOEMAKER        -   1
SHORE            -   1
SHORTLY          -   1
SHOWERING        -   1
SHRIEK           -   1
SHRIEKS          -   1
SHRINE           -   1
SHRIVED          -   1
SHRUNK           -   1
SHUNND           -   1
SIDEO            -   1
SIDES            -   1
SIGH             -   1
SIGNAL           -   1
SIGNIFY          -   1
SILVERSWEET      -   1
SIMON            -   1
SIMPLENESS       -   1
SIMPLES          -   1
SINABSOLVER      -   1
SINGER           -   1
SINGING          -   1
SINGLE           -   1
SINGLENESS       -   1
SINGLESOLED      -   1
SINNERS          -   1
SIRREVERENCE     -   1
SISTERHOOD       -   1
SISTERS          -   1
SIX              -   1
SKAINSMATES      -   1
SKILL            -   1
SKINS            -   1
SKITLESS         -   1
SLACK            -   1
SLANDER          -   1
SLANDERD         -   1
SLANDERTYBALT    -   1
SLAYS            -   1
SLEEPING         -   1
SLEWST           -   1
SLIP             -   1
SLOP             -   1
SLOWD            -   1
SLUGABED         -   1
SLUTTISH         -   1
SMALLEST         -   1
SMATTER          -   1
SMELL            -   1
SMELLING         -   1
SMELLS           -   1
SMELT            -   1
SMILEST          -   1
SMOCK            -   1
SNATCHING        -   1
SNOW             -   1
SNOWY            -   1
SOBERSUITED      -   1
SOCIABLE         -   1
SOCIETY          -   1
SOFTEND          -   1
SOFTEST          -   1
SOJOURN          -   1
SOLACE           -   1
SOLELY           -   1
SOLEMN           -   1
SOLES            -   1
SONINLAW         -   1
SONS             -   1
SOONER           -   1
SOONEST          -   1
SOONSPEEDING     -   1
SORE             -   1
SORRY            -   1
SORT             -   1
SORTED           -   1
SOUNDPOST        -   1
SOUNDS           -   1
SOUTH            -   1
SOVEREIGN        -   1
SPAKEST          -   1
SPANISH          -   1
SPARE            -   1
SPARING          -   1
SPARKLING        -   1
SPEAKEST         -   1
SPEAKST          -   1
SPECIAL          -   1
SPED             -   1
SPEECH           -   1
SPEEDY           -   1
SPELL            -   1
SPHERES          -   1
SPICES           -   1
SPILT            -   1
SPIRITS          -   1
SPIT             -   1
SPITED           -   1
SPITS            -   1
SPLEEN           -   1
SPLENDOR         -   1
SPOKEN           -   1
SPRUNG           -   1
SQUIRREL         -   1
STABBED          -   1
STAGE            -   1
STAIN            -   1
STAINLESS        -   1
STAINS           -   1
STAIR            -   1
STAKES           -   1
STALE            -   1
STARCROSSD       -   1
STARK            -   1
STARTLES         -   1
STARVE           -   1
STARVED          -   1
STARVETH         -   1
STATUE           -   1
STAYING          -   1
STEADS           -   1
STEALS           -   1
STEALTH          -   1
STEEDS           -   1
STEEPD           -   1
STEERAGE         -   1
STICK            -   1
STICKST          -   1
STIFLED          -   1
STILLWAKING      -   1
STINT            -   1
STIRRETH         -   1
STIRRING         -   1
STIRS            -   1
STOCCATA         -   1
STOCK            -   1
STOLE            -   1
STONE            -   1
STOPPD           -   1
STRAIN           -   1
STRAIND          -   1
STRAINING        -   1
STRAINS          -   1
STRANGER         -   1
STRANGERS        -   1
STRANGLED        -   1
STRATAGEMS       -   1
STREAM           -   1
STRETCH          -   1
STRETCHES        -   1
STRIVE           -   1
STROKE           -   1
STRUCKEN         -   1
STUDY            -   1
STUMBLE          -   1
STUMBLED         -   1
STUMBLEST        -   1
STUMBLING        -   1
SUBJECT          -   1
SUBJECTS         -   1
SUBMISSION       -   1
SUBSTANTIAL      -   1
SUBTLY           -   1
SUCKING          -   1
SUFFER           -   1
SUNDER           -   1
SUNS             -   1
SUNSET           -   1
SUPPLE           -   1
SUPS             -   1
SURCEASE         -   1
SURGEON          -   1
SUSPECTED        -   1
SUSPECTING       -   1
SWALLOWD         -   1
SWAN             -   1
SWASHING         -   1
SWAY             -   1
SWEARS           -   1
SWEARST          -   1
SWEETEN          -   1
SWEETER          -   1
SWEETHEART       -   1
SWEETING         -   1
SWEETLY          -   1
SWEETMEATS       -   1
SWIFTER          -   1
SWOUNDED         -   1
SWUNG            -   1
SYCAMORE         -   1
SYMPATHY         -   1
TABLE            -   1
TABLES           -   1
TACKLED          -   1
TAIL             -   1
TAINTED          -   1
TAKER            -   1
TALKED           -   1
TALKST           -   1
TALL             -   1
TALLOWFACE       -   1
TARDY            -   1
TARRY            -   1
TARTARS          -   1
TASSELGENTLE     -   1
TASTED           -   1
TATTERD          -   1
TAVERN           -   1
TEAM             -   1
TEAT             -   1
TEMPERD          -   1
TEMPERING        -   1
TEMPESTTOSSED    -   1
TEMPT            -   1
TERMS            -   1
TESTIFY          -   1
TETCHY           -   1
TEXT             -   1
THANKINGS        -   1
THEIRS           -   1
THEME            -   1
THENO            -   1
THEREOF          -   1
THEREWITHAL      -   1
THEYLL           -   1
THEYRE           -   1
THIEVISH         -   1
THIGH            -   1
THIN             -   1
THINGO           -   1
THINKING         -   1
THINLY           -   1
THISBE           -   1
THISTHOU         -   1
THORN            -   1
THOUS            -   1
THREAD           -   1
THREATEND        -   1
THREATENED       -   1
THREEHOURS       -   1
THRICE           -   1
THRILLS          -   1
THRIVE           -   1
THROATS          -   1
THROUGHOUT       -   1
THROW            -   1
THROWN           -   1
THROWS           -   1
THRUSTS          -   1
THWARTED         -   1
TIBERIO          -   1
TICKLE           -   1
TICKLING         -   1
TIDE             -   1
TIES             -   1
TIGERS           -   1
TILTS            -   1
TIMELESS         -   1
TIPS             -   1
TIPTOE           -   1
TITANS           -   1
TITHEPIGS        -   1
TITLE            -   1
TOES             -   1
TOGETHER         -   1
TOMBS            -   1
TOOL             -   1
TOPGALLANT       -   1
TORCHBEARER      -   1
TORCHBEARERS     -   1
TORMENT          -   1
TORMENTED        -   1
TORMENTS         -   1
TORN             -   1
TORTOISE         -   1
TOUCHING         -   1
TOWER            -   1
TOY              -   1
TRACES           -   1
TRAFFIC          -   1
TRAIND           -   1
TRAITOR          -   1
TRANSGRESSION    -   1
TRANSPARENT      -   1
TREACHEROUS      -   1
TREAD            -   1
TREADS           -   1
TREASON          -   1
TREASURE         -   1
TREE             -   1
TREES            -   1
TREMBLES         -   1
TRESPASS         -   1
TRIBUTARY        -   1
TRICK            -   1
TRIED            -   1
TRIFLING         -   1
TRIUMPHANT       -   1
TROOPING         -   1
TROUBLED         -   1
TRUCE            -   1
TRUCKLEBED       -   1
TRUMPET          -   1
TRUNK            -   1
TRUSTY           -   1
TUNE             -   1
TUNERS           -   1
TURND            -   1
TUTOR            -   1
TUTORD           -   1
TWERE            -   1
TWINKLE          -   1
TWISTED          -   1
TWOULD           -   1
TYING            -   1
TYRANNOUS        -   1
UMPIRE           -   1
UNADVISED        -   1
UNATTAINTED      -   1
UNBOUND          -   1
UNBRUISED        -   1
UNCLEAN          -   1
UNCOMFORTABLE    -   1
UNCOVERD         -   1
UNDERTAKE        -   1
UNDRAWS          -   1
UNEVEN           -   1
UNFIRM           -   1
UNFOLD           -   1
UNFURNISHED      -   1
UNHALLOWD        -   1
UNHARMD          -   1
UNIVERSAL        -   1
UNKIND           -   1
UNKNOWN          -   1
UNLOOKDFOR       -   1
UNLUCKILY        -   1
UNMADE           -   1
UNMANND          -   1
UNNATURAL        -   1
UNPLAGUED        -   1
UNPLEASING       -   1
UNREASONABLE     -   1
UNREST           -   1
UNRULY           -   1
UNSATISFIED      -   1
UNSAVOURY        -   1
UNSEEMLY         -   1
UNSEEN           -   1
UNSTAIND         -   1
UNSTUFFD         -   1
UNSUBSTANTIAL    -   1
UNTALKD          -   1
UNTANGLED        -   1
UNTAUGHT         -   1
UNTHANKFULNESS   -   1
UNWASHED         -   1
UNWIELDY         -   1
UNWORTHIEST      -   1
UPFILL           -   1
UPROUSED         -   1
URGING           -   1
USEST            -   1
USURER           -   1
UTTER            -   1
UTTERANCE        -   1
UTTERED          -   1
UTTERS           -   1
VAINLY           -   1
VALENTINE        -   1
VALENTIO         -   1
VALIDITY         -   1
VALOURS          -   1
VANISHD          -   1
VARIABLE         -   1
VAST             -   1
VAULTY           -   1
VENGE            -   1
VERONAHOW        -   1
VERSAL           -   1
VESSELS          -   1
VEXED            -   1
VI               -   1
VICTORY          -   1
VILLANOUS        -   1
VIOLENCE         -   1
VIOLENTLY        -   1
VIRTUE           -   1
VIRTUES          -   1
VIRTUOUSWHERE    -   1
VISAGE           -   1
VISITING         -   1
VITRAVIO         -   1
VOICES           -   1
VOWD             -   1
VOWEL            -   1
VOWS             -   1
WADDLED          -   1
WAGONSPOKES      -   1
WAIL             -   1
WAILING          -   1
WAIT             -   1
WAITING          -   1
WAKEN            -   1
WAKENED          -   1
WALKING          -   1
WANDERS          -   1
WARD             -   1
WARMTH           -   1
WARNING          -   1
WARNS            -   1
WARY             -   1
WATCHD           -   1
WATERY           -   1
WAVERER          -   1
WAXES            -   1
WAYWARD          -   1
WEAKER           -   1
WEAKEST          -   1
WEAL             -   1
WEANDI           -   1
WEARY            -   1
WEB              -   1
WEDDINGBED       -   1
WEEPST           -   1
WEIGHD           -   1
WELLAPPARELLD    -   1
WELLGOVERND      -   1
WELLSEEMING      -   1
WENCHS           -   1
WENT             -   1
WENTST           -   1
WEST             -   1
WESTWARD         -   1
WHATEER          -   1
WHEELS           -   1
WHEREIN          -   1
WHEREON          -   1
WHERETO          -   1
WHINING          -   1
WHIPPD           -   1
WHISPERING       -   1
WHISTLE          -   1
WHISTLES         -   1
WHIT             -   1
WHITER           -   1
WHITEUPTURNED    -   1
WHOEER           -   1
WHORE            -   1
WHORESON         -   1
WICKED           -   1
WIDOW            -   1
WIELD            -   1
WILFUL           -   1
WILLINGLY        -   1
WILLS            -   1
WINDSWIFT        -   1
WINE             -   1
WINGED           -   1
WINK             -   1
WINKING          -   1
WINNING          -   1
WINTER           -   1
WITHER           -   1
WITHOUTBOOK      -   1
WIVES            -   1
WOLVISHRAVENING  -   1
WON              -   1
WONDERING        -   1
WONDROUS         -   1
WOOES            -   1
WORLDWEARIED     -   1
WORLDWHY         -   1
WORSHIPPD        -   1
WORST            -   1
WORTH            -   1
WORTHY           -   1
WOT              -   1
WOUNDS           -   1
WREAK            -   1
WRENCHING        -   1
WRETCHEDNESS     -   1
WRING            -   1
WRITES           -   1
WRITING          -   1
WRONGED          -   1
WRONGST          -   1
YARD             -   1
YELLOW           -   1
YESTERNIGHT      -   1
YEWTREE          -   1
YEWTREES         -   1
YIELDING         -   1
YOKE             -   1
YOUNGEST         -   1
 Most Frequent Word: AND   716 (  2.793%)
Least Frequent Word: ABATE   1 (  0.004%)
A.................8240
B.................1715
C.................2284
D.................3934
E................12818
F.................2030
G.................1838
H.................6787
I.................6909
J..................277
K..................831
L.................4975
M.................3358
N.................6468
O.................8805
P.................1551
Q...................65
R.................6488
S.................6585
T.................9709
U.................3759
V.................1109
W.................2519
X..................125
Y.................2623
Z...................32
 Most Frequent Letter: E 12818 ( 12.111%)
Least Frequent Letter: Z    32 (  0.030%)
